[2026-04-28T11:32:52+08:00] DAEC noisy-OR full1000 supervisor started
[2026-04-28T11:32:53+08:00] launched daec_noisyor_dense_pool100_2wiki on 8041: pid=2024690 log=/mnt/nvme/code/HippoRAG/run_logs/daec_noisyor_dense_pool100_2wiki_fixclean_full1000_20260428.log json=run_logs/daec_noisyor_dense_pool100_2wiki_fixclean_full1000_20260428.json
[2026-04-28T11:32:58+08:00] launched daec_noisyor_dense_pool100_hotpotqa on 8042: pid=2033733 log=/mnt/nvme/code/HippoRAG/run_logs/daec_noisyor_dense_pool100_hotpotqa_fixclean_full1000_20260428.log json=run_logs/daec_noisyor_dense_pool100_hotpotqa_fixclean_full1000_20260428.json
[2026-04-28T11:33:03+08:00] launched daec_noisyor_dense_pool100_musique on 8043: pid=2045206 log=/mnt/nvme/code/HippoRAG/run_logs/daec_noisyor_dense_pool100_musique_fixclean_full1000_20260428.log json=run_logs/daec_noisyor_dense_pool100_musique_fixclean_full1000_20260428.json
[2026-04-28T11:33:08+08:00] heartbeat pending=1 running=[8041:daec_noisyor_dense_pool100_2wiki:2024690, 8042:daec_noisyor_dense_pool100_hotpotqa:2033733, 8043:daec_noisyor_dense_pool100_musique:2045206]
[2026-04-28T11:34:08+08:00] heartbeat pending=1 running=[8041:daec_noisyor_dense_pool100_2wiki:2024690, 8042:daec_noisyor_dense_pool100_hotpotqa:2033733, 8043:daec_noisyor_dense_pool100_musique:2045206]
[2026-04-28T11:35:08+08:00] heartbeat pending=1 running=[8041:daec_noisyor_dense_pool100_2wiki:2024690, 8042:daec_noisyor_dense_pool100_hotpotqa:2033733, 8043:daec_noisyor_dense_pool100_musique:2045206]
[2026-04-28T11:36:08+08:00] heartbeat pending=1 running=[8041:daec_noisyor_dense_pool100_2wiki:2024690, 8042:daec_noisyor_dense_pool100_hotpotqa:2033733, 8043:daec_noisyor_dense_pool100_musique:2045206]
[2026-04-28T11:37:08+08:00] heartbeat pending=1 running=[8041:daec_noisyor_dense_pool100_2wiki:2024690, 8042:daec_noisyor_dense_pool100_hotpotqa:2033733, 8043:daec_noisyor_dense_pool100_musique:2045206]
[2026-04-28T11:38:08+08:00] heartbeat pending=1 running=[8041:daec_noisyor_dense_pool100_2wiki:2024690, 8042:daec_noisyor_dense_pool100_hotpotqa:2033733, 8043:daec_noisyor_dense_pool100_musique:2045206]
[2026-04-28T11:39:08+08:00] heartbeat pending=1 running=[8041:daec_noisyor_dense_pool100_2wiki:2024690, 8042:daec_noisyor_dense_pool100_hotpotqa:2033733, 8043:daec_noisyor_dense_pool100_musique:2045206]
[2026-04-28T11:40:08+08:00] heartbeat pending=1 running=[8041:daec_noisyor_dense_pool100_2wiki:2024690, 8042:daec_noisyor_dense_pool100_hotpotqa:2033733, 8043:daec_noisyor_dense_pool100_musique:2045206]
[2026-04-28T11:41:08+08:00] heartbeat pending=1 running=[8041:daec_noisyor_dense_pool100_2wiki:2024690, 8042:daec_noisyor_dense_pool100_hotpotqa:2033733, 8043:daec_noisyor_dense_pool100_musique:2045206]
[2026-04-28T11:42:08+08:00] heartbeat pending=1 running=[8041:daec_noisyor_dense_pool100_2wiki:2024690, 8042:daec_noisyor_dense_pool100_hotpotqa:2033733, 8043:daec_noisyor_dense_pool100_musique:2045206]
[2026-04-28T11:43:08+08:00] heartbeat pending=1 running=[8041:daec_noisyor_dense_pool100_2wiki:2024690, 8042:daec_noisyor_dense_pool100_hotpotqa:2033733, 8043:daec_noisyor_dense_pool100_musique:2045206]
[2026-04-28T11:44:08+08:00] heartbeat pending=1 running=[8041:daec_noisyor_dense_pool100_2wiki:2024690, 8042:daec_noisyor_dense_pool100_hotpotqa:2033733, 8043:daec_noisyor_dense_pool100_musique:2045206]
[2026-04-28T11:45:08+08:00] heartbeat pending=1 running=[8041:daec_noisyor_dense_pool100_2wiki:2024690, 8042:daec_noisyor_dense_pool100_hotpotqa:2033733, 8043:daec_noisyor_dense_pool100_musique:2045206]
[2026-04-28T11:46:09+08:00] heartbeat pending=1 running=[8041:daec_noisyor_dense_pool100_2wiki:2024690, 8042:daec_noisyor_dense_pool100_hotpotqa:2033733, 8043:daec_noisyor_dense_pool100_musique:2045206]
[2026-04-28T11:47:09+08:00] heartbeat pending=1 running=[8041:daec_noisyor_dense_pool100_2wiki:2024690, 8042:daec_noisyor_dense_pool100_hotpotqa:2033733, 8043:daec_noisyor_dense_pool100_musique:2045206]
[2026-04-28T11:48:09+08:00] heartbeat pending=1 running=[8041:daec_noisyor_dense_pool100_2wiki:2024690, 8042:daec_noisyor_dense_pool100_hotpotqa:2033733, 8043:daec_noisyor_dense_pool100_musique:2045206]
[2026-04-28T11:49:09+08:00] heartbeat pending=1 running=[8041:daec_noisyor_dense_pool100_2wiki:2024690, 8042:daec_noisyor_dense_pool100_hotpotqa:2033733, 8043:daec_noisyor_dense_pool100_musique:2045206]
[2026-04-28T11:50:09+08:00] heartbeat pending=1 running=[8041:daec_noisyor_dense_pool100_2wiki:2024690, 8042:daec_noisyor_dense_pool100_hotpotqa:2033733, 8043:daec_noisyor_dense_pool100_musique:2045206]
[2026-04-28T11:51:09+08:00] heartbeat pending=1 running=[8041:daec_noisyor_dense_pool100_2wiki:2024690, 8042:daec_noisyor_dense_pool100_hotpotqa:2033733, 8043:daec_noisyor_dense_pool100_musique:2045206]
[2026-04-28T11:52:09+08:00] heartbeat pending=1 running=[8041:daec_noisyor_dense_pool100_2wiki:2024690, 8042:daec_noisyor_dense_pool100_hotpotqa:2033733, 8043:daec_noisyor_dense_pool100_musique:2045206]
[2026-04-28T11:53:09+08:00] heartbeat pending=1 running=[8041:daec_noisyor_dense_pool100_2wiki:2024690, 8042:daec_noisyor_dense_pool100_hotpotqa:2033733, 8043:daec_noisyor_dense_pool100_musique:2045206]
[2026-04-28T11:54:09+08:00] heartbeat pending=1 running=[8041:daec_noisyor_dense_pool100_2wiki:2024690, 8042:daec_noisyor_dense_pool100_hotpotqa:2033733, 8043:daec_noisyor_dense_pool100_musique:2045206]
[2026-04-28T11:55:09+08:00] heartbeat pending=1 running=[8041:daec_noisyor_dense_pool100_2wiki:2024690, 8042:daec_noisyor_dense_pool100_hotpotqa:2033733, 8043:daec_noisyor_dense_pool100_musique:2045206]
[2026-04-28T11:56:10+08:00] completed daec_noisyor_dense_pool100_2wiki on 8041: code=0 json=/mnt/nvme/code/HippoRAG/run_logs/daec_noisyor_dense_pool100_2wiki_fixclean_full1000_20260428.json
[2026-04-28T11:56:10+08:00] launched daec_noisyor_proprag_pool100_2wiki on 8041: pid=2680011 log=/mnt/nvme/code/HippoRAG/run_logs/daec_noisyor_proprag_pool100_2wiki_fixclean_full1000_20260428.log json=run_logs/daec_noisyor_proprag_pool100_2wiki_fixclean_full1000_20260428.json
[2026-04-28T11:56:15+08:00] heartbeat pending=0 running=[8042:daec_noisyor_dense_pool100_hotpotqa:2033733, 8043:daec_noisyor_dense_pool100_musique:2045206, 8041:daec_noisyor_proprag_pool100_2wiki:2680011]
[2026-04-28T11:57:15+08:00] heartbeat pending=0 running=[8042:daec_noisyor_dense_pool100_hotpotqa:2033733, 8043:daec_noisyor_dense_pool100_musique:2045206, 8041:daec_noisyor_proprag_pool100_2wiki:2680011]
[2026-04-28T11:58:15+08:00] heartbeat pending=0 running=[8042:daec_noisyor_dense_pool100_hotpotqa:2033733, 8043:daec_noisyor_dense_pool100_musique:2045206, 8041:daec_noisyor_proprag_pool100_2wiki:2680011]
[2026-04-28T11:59:15+08:00] heartbeat pending=0 running=[8042:daec_noisyor_dense_pool100_hotpotqa:2033733, 8043:daec_noisyor_dense_pool100_musique:2045206, 8041:daec_noisyor_proprag_pool100_2wiki:2680011]
[2026-04-28T12:00:15+08:00] heartbeat pending=0 running=[8042:daec_noisyor_dense_pool100_hotpotqa:2033733, 8043:daec_noisyor_dense_pool100_musique:2045206, 8041:daec_noisyor_proprag_pool100_2wiki:2680011]
[2026-04-28T12:01:15+08:00] heartbeat pending=0 running=[8042:daec_noisyor_dense_pool100_hotpotqa:2033733, 8043:daec_noisyor_dense_pool100_musique:2045206, 8041:daec_noisyor_proprag_pool100_2wiki:2680011]
[2026-04-28T12:02:15+08:00] heartbeat pending=0 running=[8042:daec_noisyor_dense_pool100_hotpotqa:2033733, 8043:daec_noisyor_dense_pool100_musique:2045206, 8041:daec_noisyor_proprag_pool100_2wiki:2680011]
[2026-04-28T12:03:15+08:00] heartbeat pending=0 running=[8042:daec_noisyor_dense_pool100_hotpotqa:2033733, 8043:daec_noisyor_dense_pool100_musique:2045206, 8041:daec_noisyor_proprag_pool100_2wiki:2680011]
[2026-04-28T12:04:15+08:00] heartbeat pending=0 running=[8042:daec_noisyor_dense_pool100_hotpotqa:2033733, 8043:daec_noisyor_dense_pool100_musique:2045206, 8041:daec_noisyor_proprag_pool100_2wiki:2680011]
[2026-04-28T12:05:15+08:00] heartbeat pending=0 running=[8042:daec_noisyor_dense_pool100_hotpotqa:2033733, 8043:daec_noisyor_dense_pool100_musique:2045206, 8041:daec_noisyor_proprag_pool100_2wiki:2680011]
[2026-04-28T12:06:15+08:00] heartbeat pending=0 running=[8042:daec_noisyor_dense_pool100_hotpotqa:2033733, 8043:daec_noisyor_dense_pool100_musique:2045206, 8041:daec_noisyor_proprag_pool100_2wiki:2680011]
[2026-04-28T12:07:16+08:00] completed daec_noisyor_dense_pool100_hotpotqa on 8042: code=0 json=/mnt/nvme/code/HippoRAG/run_logs/daec_noisyor_dense_pool100_hotpotqa_fixclean_full1000_20260428.json
[2026-04-28T12:07:16+08:00] heartbeat pending=0 running=[8043:daec_noisyor_dense_pool100_musique:2045206, 8041:daec_noisyor_proprag_pool100_2wiki:2680011]
[2026-04-28T12:08:16+08:00] heartbeat pending=0 running=[8043:daec_noisyor_dense_pool100_musique:2045206, 8041:daec_noisyor_proprag_pool100_2wiki:2680011]
[2026-04-28T12:09:16+08:00] heartbeat pending=0 running=[8043:daec_noisyor_dense_pool100_musique:2045206, 8041:daec_noisyor_proprag_pool100_2wiki:2680011]
[2026-04-28T12:10:16+08:00] heartbeat pending=0 running=[8043:daec_noisyor_dense_pool100_musique:2045206, 8041:daec_noisyor_proprag_pool100_2wiki:2680011]
[2026-04-28T12:11:16+08:00] completed daec_noisyor_dense_pool100_musique on 8043: code=0 json=/mnt/nvme/code/HippoRAG/run_logs/daec_noisyor_dense_pool100_musique_fixclean_full1000_20260428.json
[2026-04-28T12:11:16+08:00] heartbeat pending=0 running=[8041:daec_noisyor_proprag_pool100_2wiki:2680011]
[2026-04-28T12:12:17+08:00] heartbeat pending=0 running=[8041:daec_noisyor_proprag_pool100_2wiki:2680011]
[2026-04-28T12:13:17+08:00] heartbeat pending=0 running=[8041:daec_noisyor_proprag_pool100_2wiki:2680011]
[2026-04-28T12:14:17+08:00] heartbeat pending=0 running=[8041:daec_noisyor_proprag_pool100_2wiki:2680011]
[2026-04-28T12:15:17+08:00] heartbeat pending=0 running=[8041:daec_noisyor_proprag_pool100_2wiki:2680011]
[2026-04-28T12:16:17+08:00] heartbeat pending=0 running=[8041:daec_noisyor_proprag_pool100_2wiki:2680011]
[2026-04-28T12:17:17+08:00] heartbeat pending=0 running=[8041:daec_noisyor_proprag_pool100_2wiki:2680011]
[2026-04-28T12:18:17+08:00] heartbeat pending=0 running=[8041:daec_noisyor_proprag_pool100_2wiki:2680011]
[2026-04-28T12:19:17+08:00] heartbeat pending=0 running=[8041:daec_noisyor_proprag_pool100_2wiki:2680011]
[2026-04-28T12:20:17+08:00] completed daec_noisyor_proprag_pool100_2wiki on 8041: code=0 json=/mnt/nvme/code/HippoRAG/run_logs/daec_noisyor_proprag_pool100_2wiki_fixclean_full1000_20260428.json
[2026-04-28T12:20:17+08:00] DAEC noisy-OR full1000 supervisor finished completed=['daec_noisyor_dense_pool100_2wiki', 'daec_noisyor_dense_pool100_hotpotqa', 'daec_noisyor_dense_pool100_musique', 'daec_noisyor_proprag_pool100_2wiki'] failed=[]
