[1/1000] q=0 parse=True method=json selected=[1, 2, 6, 15, 71]
[2/1000] q=1 parse=True method=json selected=[1, 2, 3, 4, 5]
[3/1000] q=2 parse=True method=json selected=[2, 3, 5, 12, 14]
[4/1000] q=3 parse=True method=json selected=[2, 3, 7, 26, 27]
[5/1000] q=4 parse=True method=json selected=[1, 4, 5, 6, 25]
[6/1000] q=5 parse=True method=json selected=[1, 2, 14, 56, 62]
[7/1000] q=6 parse=True method=json selected=[3, 4, 7, 15, 22]
[8/1000] q=7 parse=True method=json selected=[1, 2, 3, 4, 5]
[9/1000] q=8 parse=True method=json selected=[1, 2, 24, 26, 38]
[10/1000] q=9 parse=True method=json selected=[1, 2, 3, 4, 5]
[11/1000] q=10 parse=True method=json selected=[2, 4, 1, 5, 3]
[12/1000] q=11 parse=True method=json selected=[1, 3, 5, 11, 9]
[13/1000] q=12 parse=True method=json selected=[1, 2, 5, 55, 56]
[14/1000] q=13 parse=True method=json selected=[2, 5, 11, 10, 4]
[15/1000] q=14 parse=True method=json selected=[1, 2, 3, 4, 5]
[16/1000] q=15 parse=True method=json selected=[1, 8, 3, 4, 18]
[17/1000] q=16 parse=True method=json selected=[1, 2, 4, 5, 8]
[18/1000] q=17 parse=True method=json selected=[1, 4, 10, 19, 24]
[19/1000] q=18 parse=True method=json selected=[1, 2, 9, 58, 61]
[20/1000] q=19 parse=True method=json selected=[1, 2, 14, 20, 34]
[21/1000] q=20 parse=True method=json selected=[1, 2, 4, 5, 20]
[22/1000] q=21 parse=True method=json selected=[1, 2, 3, 4, 5]
[23/1000] q=22 parse=True method=json selected=[1, 2, 9, 34, 53]
[24/1000] q=23 parse=True method=json selected=[1, 2, 8, 18, 20]
[25/1000] q=24 parse=True method=json selected=[2, 5, 16, 20, 22]
[26/1000] q=25 parse=True method=json selected=[1, 3, 15, 4, 2]
[27/1000] q=26 parse=True method=json selected=[1, 2, 9, 18, 31]
[28/1000] q=27 parse=True method=json selected=[2, 3, 14, 65, 66]
[29/1000] q=28 parse=True method=json selected=[1, 2, 3, 4, 5]
[30/1000] q=29 parse=True method=json selected=[3, 23, 30, 53, 99]
[31/1000] q=30 parse=True method=json selected=[2, 3, 1, 58, 57]
[32/1000] q=31 parse=True method=json selected=[1, 2, 59, 65, 95]
[33/1000] q=32 parse=True method=json selected=[1, 2, 3, 4, 5]
[34/1000] q=33 parse=True method=json selected=[6, 9, 20, 35, 58]
[35/1000] q=34 parse=True method=json selected=[1, 3, 4, 13, 17]
[36/1000] q=35 parse=True method=json selected=[1, 4, 12, 16, 21]
[37/1000] q=36 parse=True method=json selected=[10, 13, 25, 39, 55]
[38/1000] q=37 parse=True method=json selected=[1, 2, 3, 4, 5]
[39/1000] q=38 parse=True method=json selected=[1, 2, 4, 16, 33]
[40/1000] q=39 parse=True method=json selected=[1, 2, 3, 4, 5]
[41/1000] q=40 parse=True method=json selected=[1, 2, 3, 4, 5]
[42/1000] q=41 parse=True method=json selected=[1, 2, 3, 4, 5]
[43/1000] q=42 parse=True method=json selected=[1, 2, 4, 7, 9]
[44/1000] q=43 parse=True method=json selected=[1, 2, 7, 8, 6]
[45/1000] q=44 parse=True method=json selected=[1, 19, 27, 21, 28]
[46/1000] q=45 parse=True method=json selected=[1, 2, 5, 51, 55]
[47/1000] q=46 parse=True method=json selected=[1, 3, 5, 14, 25]
[48/1000] q=47 parse=True method=json selected=[1, 2, 6, 19, 61]
[49/1000] q=48 parse=True method=json selected=[1, 2, 3, 4, 5]
[50/1000] q=49 parse=True method=json selected=[1, 3, 18, 20, 32]
[51/1000] q=50 parse=True method=json selected=[1, 2, 11, 52, 98]
[52/1000] q=51 parse=True method=json selected=[1, 2, 4, 7, 14]
[53/1000] q=52 parse=True method=json selected=[1, 2, 5, 6, 84]
[54/1000] q=53 parse=True method=json selected=[1, 8, 11, 13, 39]
[55/1000] q=54 parse=True method=json selected=[1, 3, 8, 27, 58]
[56/1000] q=55 parse=True method=json selected=[1, 2, 3, 4, 5]
[57/1000] q=56 parse=True method=json selected=[2, 3, 4, 7, 16]
[58/1000] q=57 parse=True method=json selected=[2, 3, 5, 29, 68]
[59/1000] q=58 parse=True method=json selected=[7, 8, 2, 36, 21]
[60/1000] q=59 parse=True method=json selected=[1, 3, 21, 51, 52]
[61/1000] q=60 parse=True method=json selected=[1, 2, 16, 26, 62]
[62/1000] q=61 parse=True method=json selected=[2, 31, 49, 57, 66]
[63/1000] q=62 parse=True method=json selected=[1, 2, 18, 53, 72]
[64/1000] q=63 parse=True method=json selected=[2, 1, 4, 27, 57]
[65/1000] q=64 parse=True method=json selected=[2, 9, 26, 29, 30]
[66/1000] q=65 parse=True method=json selected=[2, 5, 15, 31, 61]
[67/1000] q=66 parse=True method=json selected=[2, 3, 4, 5, 6]
[68/1000] q=67 parse=True method=json selected=[2, 55, 62, 77, 96]
[69/1000] q=68 parse=True method=json selected=[2, 3, 35, 50, 90]
[70/1000] q=69 parse=True method=json selected=[1, 2, 18, 19, 54]
[71/1000] q=70 parse=True method=json selected=[1, 2, 3, 4, 5]
[72/1000] q=71 parse=True method=json selected=[2, 26, 36, 37, 64]
[73/1000] q=72 parse=True method=json selected=[1, 3, 5, 2, 4]
[74/1000] q=73 parse=True method=json selected=[1, 2, 3, 4, 5]
[75/1000] q=74 parse=True method=json selected=[1, 5, 18, 25, 30]
[76/1000] q=75 parse=True method=json selected=[1, 3, 9, 22, 60]
[77/1000] q=76 parse=True method=json selected=[1, 2, 5, 55, 82]
[78/1000] q=77 parse=True method=json selected=[1, 3, 4, 5, 6]
[79/1000] q=78 parse=True method=json selected=[1, 2, 5, 51, 61]
[80/1000] q=79 parse=True method=json selected=[1, 2, 4, 7, 55]
[81/1000] q=80 parse=True method=json selected=[1, 2, 28, 26, 58]
[82/1000] q=81 parse=True method=json selected=[1, 2, 7, 19, 56]
[83/1000] q=82 parse=True method=json selected=[1, 2, 6, 12, 15]
[84/1000] q=83 parse=True method=json selected=[1, 2, 3, 4, 5]
[85/1000] q=84 parse=True method=json selected=[2, 3, 13, 58, 60]
[86/1000] q=85 parse=True method=json selected=[1, 2, 6, 9, 5]
[87/1000] q=86 parse=True method=json selected=[2, 15, 34, 40, 51]
[88/1000] q=87 parse=True method=json selected=[1, 2, 7, 12, 19]
[89/1000] q=88 parse=True method=json selected=[1, 2, 47, 54, 77]
[90/1000] q=89 parse=True method=json selected=[1, 2, 3, 7, 8]
[91/1000] q=90 parse=True method=json selected=[2, 7, 12, 22, 35]
[92/1000] q=91 parse=True method=json selected=[6, 18, 24, 40, 54]
[93/1000] q=92 parse=True method=json selected=[2, 1, 53, 59, 99]
[94/1000] q=93 parse=True method=json selected=[1, 2, 15, 29, 32]
[95/1000] q=94 parse=True method=json selected=[1, 3, 25, 53, 75]
[96/1000] q=95 parse=True method=json selected=[2, 3, 15, 59, 65]
[97/1000] q=96 parse=True method=json selected=[1, 2, 14, 88, 95]
[98/1000] q=97 parse=True method=json selected=[2, 7, 17, 21, 55]
[99/1000] q=98 parse=True method=json selected=[2, 3, 10, 74, 95]
[100/1000] q=99 parse=True method=json selected=[1, 3, 6, 28, 88]
[101/1000] q=100 parse=True method=json selected=[1, 2, 7, 28, 58]
[102/1000] q=101 parse=True method=json selected=[1, 2, 8, 31, 53]
[103/1000] q=102 parse=True method=json selected=[1, 2, 3, 8, 9]
[104/1000] q=103 parse=True method=json selected=[1, 2, 3, 4, 5]
[105/1000] q=104 parse=True method=json selected=[1, 2, 3, 4, 5]
[106/1000] q=105 parse=True method=json selected=[1, 2, 5, 8, 12]
[107/1000] q=106 parse=True method=json selected=[2, 1, 55, 57, 58]
[108/1000] q=107 parse=True method=json selected=[1, 2, 17, 55, 95]
[109/1000] q=108 parse=True method=json selected=[1, 2, 11, 15, 31]
[110/1000] q=109 parse=True method=json selected=[1, 3, 27, 58, 76]
[111/1000] q=110 parse=True method=json selected=[1, 3, 5, 6, 7]
[112/1000] q=111 parse=True method=json selected=[1, 12, 14, 5, 25]
[113/1000] q=112 parse=True method=json selected=[8, 9, 28, 34, 58]
[114/1000] q=113 parse=True method=json selected=[1, 2, 3, 4, 5]
[115/1000] q=114 parse=True method=json selected=[2, 3, 25, 55, 80]
[116/1000] q=115 parse=True method=json selected=[1, 2, 4, 9, 10]
[117/1000] q=116 parse=True method=json selected=[1, 2, 5, 7, 13]
[118/1000] q=117 parse=True method=json selected=[2, 3, 11, 24, 54]
[119/1000] q=118 parse=True method=json selected=[1, 2, 6, 7, 9]
[120/1000] q=119 parse=True method=json selected=[1, 2, 3, 4, 5]
[121/1000] q=120 parse=True method=json selected=[1, 2, 3, 4, 5]
[122/1000] q=121 parse=True method=json selected=[1, 3, 7, 9, 10]
[123/1000] q=122 parse=True method=json selected=[7, 8, 16, 19, 28]
[124/1000] q=123 parse=True method=json selected=[1, 2, 3, 4, 5]
[125/1000] q=124 parse=True method=json selected=[1, 2, 4, 7, 54]
[126/1000] q=125 parse=True method=json selected=[1, 2, 3, 4, 5]
[127/1000] q=126 parse=True method=json selected=[2, 5, 35, 53, 90]
[128/1000] q=127 parse=True method=json selected=[1, 2, 6, 36, 61]
[129/1000] q=128 parse=True method=json selected=[1, 2, 16, 88, 97]
[130/1000] q=129 parse=True method=json selected=[2, 3, 9, 12, 28]
[131/1000] q=130 parse=True method=json selected=[1, 2, 3, 4, 5]
[132/1000] q=131 parse=True method=json selected=[1, 2, 4, 17, 34]
[133/1000] q=132 parse=True method=json selected=[2, 4, 6, 14, 17]
[134/1000] q=133 parse=True method=json selected=[1, 3, 5, 19, 34]
[135/1000] q=134 parse=True method=json selected=[1, 7, 14, 22, 62]
[136/1000] q=135 parse=True method=json selected=[1, 2, 3, 4, 5]
[137/1000] q=136 parse=True method=json selected=[3, 4, 5, 17, 55]
[138/1000] q=137 parse=True method=json selected=[2, 3, 14, 55, 63]
[139/1000] q=138 parse=True method=json selected=[1, 5, 6, 18, 57]
[140/1000] q=139 parse=True method=json selected=[1, 9, 61, 66, 71]
[141/1000] q=140 parse=True method=json selected=[2, 14, 36, 53, 93]
[142/1000] q=141 parse=True method=json selected=[1, 3, 5, 7, 59]
[143/1000] q=142 parse=True method=json selected=[1, 2, 3, 4, 5]
[144/1000] q=143 parse=True method=json selected=[1, 2, 3, 4, 5]
[145/1000] q=144 parse=True method=json selected=[1, 2, 4, 5, 10]
[146/1000] q=145 parse=True method=json selected=[1, 2, 5, 15, 22]
[147/1000] q=146 parse=True method=json selected=[1, 5, 8, 18, 22]
[148/1000] q=147 parse=True method=json selected=[1, 2, 3, 6, 9]
[149/1000] q=148 parse=True method=json selected=[1, 2, 3, 7, 6]
[150/1000] q=149 parse=True method=json selected=[1, 2, 6, 8, 9]
[151/1000] q=150 parse=True method=json selected=[1, 2, 3, 4, 5]
[152/1000] q=151 parse=True method=json selected=[1, 2, 3, 4, 5]
[153/1000] q=152 parse=True method=json selected=[9, 10, 11, 12, 23]
[154/1000] q=153 parse=True method=json selected=[1, 2, 3, 4, 5]
[155/1000] q=154 parse=True method=json selected=[1, 2, 3, 5, 33]
[156/1000] q=155 parse=True method=json selected=[1, 2, 6, 16, 19]
[157/1000] q=156 parse=True method=json selected=[16, 2, 25, 48, 54]
[158/1000] q=157 parse=True method=json selected=[1, 4, 5, 9, 34]
[159/1000] q=158 parse=True method=json selected=[1, 2, 3, 4, 5]
[160/1000] q=159 parse=True method=json selected=[2, 3, 6, 26, 86]
[161/1000] q=160 parse=True method=json selected=[1, 2, 8, 9, 18]
[162/1000] q=161 parse=True method=json selected=[1, 4, 5, 64, 76]
[163/1000] q=162 parse=True method=json selected=[2, 3, 4, 12, 54]
[164/1000] q=163 parse=True method=json selected=[2, 1, 4, 6, 9]
[165/1000] q=164 parse=True method=json selected=[9, 2, 1, 6, 8]
[166/1000] q=165 parse=True method=json selected=[1, 2, 4, 6, 24]
[167/1000] q=166 parse=True method=json selected=[1, 2, 70, 6, 13]
[168/1000] q=167 parse=True method=json selected=[1, 3, 4, 7, 10]
[169/1000] q=168 parse=True method=json selected=[1, 2, 17, 44, 54]
[170/1000] q=169 parse=True method=json selected=[2, 4, 5, 1, 7]
[171/1000] q=170 parse=True method=json selected=[2, 3, 4, 5, 1]
[172/1000] q=171 parse=True method=json selected=[3, 4, 5, 8, 16]
[173/1000] q=172 parse=True method=json selected=[1, 4, 7, 9, 34]
[174/1000] q=173 parse=True method=json selected=[1, 2, 6, 9, 10]
[175/1000] q=174 parse=True method=json selected=[1, 2, 3, 4, 5]
[176/1000] q=175 parse=True method=json selected=[1, 35, 58, 60, 85]
[177/1000] q=176 parse=True method=json selected=[1, 3, 22, 28, 47]
[178/1000] q=177 parse=True method=json selected=[1, 3, 4, 9, 14]
[179/1000] q=178 parse=True method=json selected=[1, 2, 3, 4, 5]
[180/1000] q=179 parse=True method=json selected=[2, 5, 1, 3, 4]
[181/1000] q=180 parse=True method=json selected=[1, 16, 18, 21, 27]
[182/1000] q=181 parse=True method=json selected=[2, 3, 5, 1, 9]
[183/1000] q=182 parse=True method=json selected=[1, 2, 5, 10, 34]
[184/1000] q=183 parse=True method=json selected=[1, 2, 3, 4, 5]
[185/1000] q=184 parse=True method=json selected=[1, 2, 3, 4, 7]
[186/1000] q=185 parse=True method=json selected=[2, 5, 1, 4, 3]
[187/1000] q=186 parse=True method=json selected=[1, 2, 3, 4, 5]
[188/1000] q=187 parse=True method=json selected=[1, 2, 14, 17, 22]
[189/1000] q=188 parse=True method=json selected=[1, 2, 3, 4, 5]
[190/1000] q=189 parse=True method=json selected=[1, 11, 12, 22, 64]
[191/1000] q=190 parse=True method=json selected=[1, 2, 3, 4, 5]
[192/1000] q=191 parse=True method=json selected=[2, 4, 11, 13, 31]
[193/1000] q=192 parse=True method=json selected=[1, 2, 12, 56, 69]
[194/1000] q=193 parse=True method=json selected=[3, 2, 1, 4, 21]
[195/1000] q=194 parse=True method=json selected=[2, 3, 4, 5, 6]
[196/1000] q=195 parse=True method=json selected=[1, 2, 8, 6, 11]
[197/1000] q=196 parse=True method=json selected=[1, 2, 16, 22, 73]
[198/1000] q=197 parse=True method=json selected=[1, 2, 5, 16, 34]
[199/1000] q=198 parse=True method=json selected=[1, 2, 3, 4, 5]
[200/1000] q=199 parse=True method=json selected=[1, 2, 8, 9, 10]
[201/1000] q=200 parse=True method=json selected=[1, 15, 57, 55, 59]
[202/1000] q=201 parse=True method=json selected=[3, 5, 1, 2, 18]
[203/1000] q=202 parse=True method=json selected=[1, 2, 31, 53, 93]
[204/1000] q=203 parse=True method=json selected=[1, 8, 28, 29, 58]
[205/1000] q=204 parse=True method=json selected=[1, 2, 3, 5, 15]
[206/1000] q=205 parse=True method=json selected=[1, 2, 20, 71, 72]
[207/1000] q=206 parse=True method=json selected=[1, 2, 6, 8, 12]
[208/1000] q=207 parse=True method=json selected=[1, 2, 3, 4, 5]
[209/1000] q=208 parse=True method=json selected=[1, 2, 53, 59, 85]
[210/1000] q=209 parse=True method=json selected=[2, 4, 15, 18, 51]
[211/1000] q=210 parse=True method=json selected=[1, 12, 13, 14, 16]
[212/1000] q=211 parse=True method=json selected=[1, 2, 3, 4, 5]
[213/1000] q=212 parse=True method=json selected=[1, 12, 13, 35, 54]
[214/1000] q=213 parse=True method=json selected=[2, 10, 12, 24, 60]
[215/1000] q=214 parse=True method=json selected=[1, 2, 4, 7, 8]
[216/1000] q=215 parse=True method=json selected=[1, 2, 5, 18, 58]
[217/1000] q=216 parse=True method=json selected=[4, 64, 1, 3, 5]
[218/1000] q=217 parse=True method=json selected=[1, 4, 5, 23, 30]
[219/1000] q=218 parse=True method=json selected=[2, 3, 1, 15, 16]
[220/1000] q=219 parse=True method=json selected=[2, 3, 15, 17, 35]
[221/1000] q=220 parse=True method=json selected=[1, 2, 44, 62, 92]
[222/1000] q=221 parse=True method=json selected=[4, 6, 7, 13, 14]
[223/1000] q=222 parse=True method=json selected=[1, 2, 3, 4, 5]
[224/1000] q=223 parse=True method=json selected=[2, 31, 46, 69, 75]
[225/1000] q=224 parse=True method=json selected=[1, 10, 70, 76, 96]
[226/1000] q=225 parse=True method=json selected=[1, 2, 3, 4, 5]
[227/1000] q=226 parse=True method=json selected=[1, 2, 3, 4, 5]
[228/1000] q=227 parse=True method=json selected=[1, 9, 10, 15, 22]
[229/1000] q=228 parse=True method=json selected=[1, 2, 3, 4, 5]
[230/1000] q=229 parse=True method=json selected=[2, 3, 5, 69, 71]
[231/1000] q=230 parse=True method=json selected=[2, 3, 12, 55, 59]
[232/1000] q=231 parse=True method=json selected=[1, 2, 4, 5, 3]
[233/1000] q=232 parse=True method=json selected=[3, 6, 17, 28, 58]
[234/1000] q=233 parse=True method=json selected=[1, 2, 18, 64, 66]
[235/1000] q=234 parse=True method=json selected=[1, 2, 3, 4, 5]
[236/1000] q=235 parse=True method=json selected=[1, 2, 4, 16, 81]
[237/1000] q=236 parse=True method=json selected=[3, 5, 14, 65, 66]
[238/1000] q=237 parse=True method=json selected=[3, 4, 23, 55, 71]
[239/1000] q=238 parse=True method=json selected=[1, 2, 3, 6, 93]
[240/1000] q=239 parse=True method=json selected=[1, 2, 14, 23, 41]
[241/1000] q=240 parse=True method=json selected=[2, 3, 42, 52, 95]
[242/1000] q=241 parse=True method=json selected=[1, 2, 10, 6, 100]
[243/1000] q=242 parse=True method=json selected=[1, 3, 5, 10, 25]
[244/1000] q=243 parse=True method=json selected=[1, 2, 6, 7, 15]
[245/1000] q=244 parse=True method=json selected=[1, 6, 22, 55, 71]
[246/1000] q=245 parse=True method=json selected=[1, 2, 5, 6, 10]
[247/1000] q=246 parse=True method=json selected=[1, 2, 4, 11, 21]
[248/1000] q=247 parse=True method=json selected=[4, 61, 66, 71, 96]
[249/1000] q=248 parse=True method=json selected=[1, 2, 18, 27, 67]
[250/1000] q=249 parse=True method=json selected=[1, 2, 3, 9, 99]
[251/1000] q=250 parse=True method=json selected=[1, 2, 4, 39, 45]
[252/1000] q=251 parse=True method=json selected=[1, 2, 36, 60, 75]
[253/1000] q=252 parse=True method=json selected=[1, 2, 3, 4, 5]
[254/1000] q=253 parse=True method=json selected=[1, 2, 3, 4, 5]
[255/1000] q=254 parse=True method=json selected=[1, 2, 3, 4, 5]
[256/1000] q=255 parse=True method=json selected=[1, 2, 29, 51, 72]
[257/1000] q=256 parse=True method=json selected=[1, 2, 3, 4, 5]
[258/1000] q=257 parse=True method=json selected=[19, 24, 3, 1, 14]
[259/1000] q=258 parse=True method=json selected=[1, 2, 6, 7, 35]
[260/1000] q=259 parse=True method=json selected=[1, 2, 3, 4, 5]
[261/1000] q=260 parse=True method=json selected=[1, 2, 16, 24, 48]
[262/1000] q=261 parse=True method=json selected=[1, 2, 3, 21, 34]
[263/1000] q=262 parse=True method=json selected=[1, 16, 31, 67, 92]
[264/1000] q=263 parse=True method=json selected=[2, 7, 38, 31, 27]
[265/1000] q=264 parse=True method=json selected=[1, 2, 6, 12, 17]
[266/1000] q=265 parse=True method=json selected=[1, 2, 3, 9, 55]
[267/1000] q=266 parse=True method=json selected=[3, 1, 2, 4, 5]
[268/1000] q=267 parse=True method=json selected=[1, 2, 5, 16, 35]
[269/1000] q=268 parse=True method=json selected=[1, 2, 3, 4, 5]
[270/1000] q=269 parse=True method=json selected=[1, 3, 11, 42, 44]
[271/1000] q=270 parse=True method=json selected=[5, 34, 43, 77, 85]
[272/1000] q=271 parse=True method=json selected=[1, 2, 4, 5, 11]
[273/1000] q=272 parse=True method=json selected=[1, 5, 3, 7, 2]
[274/1000] q=273 parse=True method=json selected=[1, 3, 7, 4, 8]
[275/1000] q=274 parse=True method=json selected=[1, 2, 5, 18, 34]
[276/1000] q=275 parse=True method=json selected=[1, 2, 4, 6, 7]
[277/1000] q=276 parse=True method=json selected=[1, 2, 3, 4, 5]
[278/1000] q=277 parse=True method=json selected=[1, 2, 3, 4, 5]
[279/1000] q=278 parse=True method=json selected=[1, 2, 18, 19, 88]
[280/1000] q=279 parse=True method=json selected=[1, 7, 44, 45, 58]
[281/1000] q=280 parse=True method=json selected=[1, 2, 3, 4, 5]
[282/1000] q=281 parse=True method=json selected=[1, 2, 3, 4, 5]
[283/1000] q=282 parse=True method=json selected=[1, 2, 3, 10, 51]
[284/1000] q=283 parse=True method=json selected=[1, 2, 3, 11, 55]
[285/1000] q=284 parse=True method=json selected=[1, 2, 8, 9, 18]
[286/1000] q=285 parse=True method=json selected=[2, 4, 8, 18, 61]
[287/1000] q=286 parse=True method=json selected=[1, 2, 3, 4, 5]
[288/1000] q=287 parse=True method=json selected=[1, 3, 22, 23, 72]
[289/1000] q=288 parse=True method=json selected=[1, 2, 3, 7, 8]
[290/1000] q=289 parse=True method=json selected=[4, 6, 11, 35, 65]
[291/1000] q=290 parse=True method=json selected=[1, 2, 6, 16, 42]
[292/1000] q=291 parse=True method=json selected=[1, 2, 3, 4, 5]
[293/1000] q=292 parse=True method=json selected=[1, 3, 4, 5, 18]
[294/1000] q=293 parse=True method=json selected=[1, 2, 3, 4, 5]
[295/1000] q=294 parse=True method=json selected=[1, 2, 3, 8, 88]
[296/1000] q=295 parse=True method=json selected=[1, 2, 5, 6, 7]
[297/1000] q=296 parse=True method=json selected=[1, 4, 26, 33, 55]
[298/1000] q=297 parse=True method=json selected=[1, 2, 4, 5, 58]
[299/1000] q=298 parse=True method=json selected=[5, 6, 17, 22, 58]
[300/1000] q=299 parse=True method=json selected=[1, 2, 3, 4, 5]
[301/1000] q=300 parse=True method=json selected=[3, 5, 9, 59, 90]
[302/1000] q=301 parse=True method=json selected=[3, 6, 19, 40, 64]
[303/1000] q=302 parse=True method=json selected=[1, 2, 3, 4, 5]
[304/1000] q=303 parse=True method=json selected=[1, 2, 3, 4, 5]
[305/1000] q=304 parse=True method=json selected=[1, 2, 20, 28, 38]
[306/1000] q=305 parse=True method=json selected=[2, 3, 12, 59, 98]
[307/1000] q=306 parse=True method=json selected=[1, 7, 28, 31, 70]
[308/1000] q=307 parse=True method=json selected=[3, 17, 28, 58, 61]
[309/1000] q=308 parse=True method=json selected=[1, 2, 7, 19, 35]
[310/1000] q=309 parse=True method=json selected=[2, 3, 16, 25, 58]
[311/1000] q=310 parse=True method=json selected=[1, 2, 5, 11, 50]
[312/1000] q=311 parse=True method=json selected=[1, 2, 5, 56, 94]
[313/1000] q=312 parse=True method=json selected=[1, 10, 11, 12, 13]
[314/1000] q=313 parse=True method=json selected=[2, 5, 6, 18, 20]
[315/1000] q=314 parse=True method=json selected=[1, 2, 5, 6, 10]
[316/1000] q=315 parse=True method=json selected=[1, 2, 15, 31, 57]
[317/1000] q=316 parse=True method=json selected=[2, 4, 6, 22, 70]
[318/1000] q=317 parse=True method=json selected=[9, 5, 31, 33, 7]
[319/1000] q=318 parse=True method=json selected=[7, 8, 25, 37, 51]
[320/1000] q=319 parse=True method=json selected=[1, 2, 3, 5, 45]
[321/1000] q=320 parse=True method=json selected=[1, 2, 3, 4, 5]
[322/1000] q=321 parse=True method=json selected=[1, 2, 7, 39, 99]
[323/1000] q=322 parse=True method=json selected=[1, 2, 4, 61, 67]
[324/1000] q=323 parse=True method=json selected=[1, 2, 3, 5, 10]
[325/1000] q=324 parse=True method=json selected=[1, 2, 3, 5, 55]
[326/1000] q=325 parse=True method=json selected=[1, 2, 17, 54, 55]
[327/1000] q=326 parse=True method=json selected=[1, 3, 4, 8, 20]
[328/1000] q=327 parse=True method=json selected=[1, 2, 18, 34, 68]
[329/1000] q=328 parse=True method=json selected=[2, 26, 33, 43, 73]
[330/1000] q=329 parse=True method=json selected=[1, 2, 4, 20, 40]
[331/1000] q=330 parse=True method=json selected=[1, 3, 5, 25, 58]
[332/1000] q=331 parse=True method=json selected=[1, 2, 15, 17, 71]
[333/1000] q=332 parse=True method=json selected=[1, 2, 3, 4, 5]
[334/1000] q=333 parse=True method=json selected=[1, 8, 17, 20, 54]
[335/1000] q=334 parse=True method=json selected=[19, 12, 45, 46, 51]
[336/1000] q=335 parse=True method=json selected=[1, 2, 3, 4, 5]
[337/1000] q=336 parse=True method=json selected=[1, 2, 3, 4, 5]
[338/1000] q=337 parse=True method=json selected=[81, 82, 83, 84, 85]
[339/1000] q=338 parse=True method=json selected=[1, 3, 5, 6, 7]
[340/1000] q=339 parse=True method=json selected=[1, 2, 3, 10, 16]
[341/1000] q=340 parse=True method=json selected=[1, 2, 55, 59, 69]
[342/1000] q=341 parse=True method=json selected=[6, 13, 14, 21, 34]
[343/1000] q=342 parse=True method=json selected=[1, 2, 3, 4, 5]
[344/1000] q=343 parse=True method=json selected=[1, 2, 3, 4, 5]
[345/1000] q=344 parse=True method=json selected=[1, 2, 4, 7, 9]
[346/1000] q=345 parse=True method=json selected=[2, 19, 51, 55, 73]
[347/1000] q=346 parse=True method=json selected=[1, 7, 13, 35, 53]
[348/1000] q=347 parse=True method=json selected=[1, 5, 3, 4, 2]
[349/1000] q=348 parse=True method=json selected=[1, 2, 11, 13, 14]
[350/1000] q=349 parse=True method=json selected=[2, 10, 18, 30, 70]
[351/1000] q=350 parse=True method=json selected=[1, 2, 9, 5, 4]
[352/1000] q=351 parse=True method=json selected=[2, 4, 1, 17, 3]
[353/1000] q=352 parse=True method=json selected=[2, 1, 21, 28, 44]
[354/1000] q=353 parse=True method=json selected=[2, 3, 1, 4, 5]
[355/1000] q=354 parse=True method=json selected=[1, 2, 5, 55, 99]
[356/1000] q=355 parse=True method=json selected=[2, 3, 25, 32, 52]
[357/1000] q=356 parse=True method=json selected=[1, 2, 5, 8, 10]
[358/1000] q=357 parse=True method=json selected=[1, 2, 4, 9, 12]
[359/1000] q=358 parse=True method=json selected=[1, 2, 69, 70, 71]
[360/1000] q=359 parse=True method=json selected=[1, 2, 3, 4, 5]
[361/1000] q=360 parse=True method=json selected=[27, 30, 4, 1, 5]
[362/1000] q=361 parse=True method=json selected=[1, 2, 35, 60, 95]
[363/1000] q=362 parse=True method=json selected=[2, 4, 12, 23, 52]
[364/1000] q=363 parse=True method=json selected=[1, 3, 27, 35, 55]
[365/1000] q=364 parse=True method=json selected=[1, 9, 2, 55, 53]
[366/1000] q=365 parse=True method=json selected=[1, 10, 53, 65, 95]
[367/1000] q=366 parse=True method=json selected=[1, 2, 3, 4, 5]
[368/1000] q=367 parse=True method=json selected=[1, 4, 7, 52, 57]
[369/1000] q=368 parse=True method=json selected=[1, 3, 6, 7, 9]
[370/1000] q=369 parse=True method=json selected=[1, 3, 4, 24, 73]
[371/1000] q=370 parse=True method=json selected=[1, 10, 5, 2, 7]
[372/1000] q=371 parse=True method=json selected=[14, 16, 22, 24, 28]
[373/1000] q=372 parse=True method=json selected=[2, 3, 6, 26, 64]
[374/1000] q=373 parse=True method=json selected=[1, 2, 3, 4, 5]
[375/1000] q=374 parse=True method=json selected=[1, 8, 21, 31, 41]
[376/1000] q=375 parse=True method=json selected=[1, 5, 19, 20, 45]
[377/1000] q=376 parse=True method=json selected=[2, 5, 1, 35, 33]
[378/1000] q=377 parse=True method=json selected=[1, 11, 29, 34, 63]
[379/1000] q=378 parse=True method=json selected=[1, 2, 6, 12, 60]
[380/1000] q=379 parse=True method=json selected=[1, 2, 3, 4, 5]
[381/1000] q=380 parse=True method=json selected=[1, 2, 5, 15, 25]
[382/1000] q=381 parse=True method=json selected=[1, 2, 3, 67, 72]
[383/1000] q=382 parse=True method=json selected=[1, 2, 8, 9, 21]
[384/1000] q=383 parse=True method=json selected=[2, 3, 4, 7, 19]
[385/1000] q=384 parse=True method=json selected=[1, 2, 26, 27, 40]
[386/1000] q=385 parse=True method=json selected=[1, 2, 14, 35, 58]
[387/1000] q=386 parse=True method=json selected=[1, 2, 5, 6, 24]
[388/1000] q=387 parse=True method=json selected=[1, 2, 18, 39, 53]
[389/1000] q=388 parse=True method=json selected=[1, 2, 6, 32, 88]
[390/1000] q=389 parse=True method=json selected=[1, 2, 3, 4, 19]
[391/1000] q=390 parse=True method=json selected=[1, 2, 3, 5, 9]
[392/1000] q=391 parse=True method=json selected=[1, 2, 3, 4, 5]
[393/1000] q=392 parse=True method=json selected=[1, 5, 55, 58, 76]
[394/1000] q=393 parse=True method=json selected=[1, 2, 3, 4, 5]
[395/1000] q=394 parse=True method=json selected=[1, 2, 5, 19, 31]
[396/1000] q=395 parse=True method=json selected=[1, 5, 22, 58, 81]
[397/1000] q=396 parse=True method=json selected=[1, 2, 3, 6, 9]
[398/1000] q=397 parse=True method=json selected=[10, 2, 3, 4, 5]
[399/1000] q=398 parse=True method=json selected=[1, 2, 10, 11, 15]
[400/1000] q=399 parse=True method=json selected=[1, 2, 3, 4, 5]
[401/1000] q=400 parse=True method=json selected=[1, 2, 4, 17, 57]
[402/1000] q=401 parse=True method=json selected=[2, 20, 40, 61, 80]
[403/1000] q=402 parse=True method=json selected=[1, 2, 4, 5, 7]
[404/1000] q=403 parse=True method=json selected=[2, 1, 5, 4, 3]
[405/1000] q=404 parse=True method=json selected=[2, 19, 47, 66, 76]
[406/1000] q=405 parse=True method=json selected=[1, 2, 11, 21, 22]
[407/1000] q=406 parse=True method=json selected=[1, 2, 12, 34, 54]
[408/1000] q=407 parse=True method=json selected=[1, 2, 59, 53, 55]
[409/1000] q=408 parse=True method=json selected=[3, 23, 29, 42, 72]
[410/1000] q=409 parse=True method=json selected=[3, 4, 29, 32, 54]
[411/1000] q=410 parse=True method=json selected=[1, 3, 4, 5, 14]
[412/1000] q=411 parse=True method=json selected=[33, 35, 37, 55, 59]
[413/1000] q=412 parse=True method=json selected=[1, 6, 8, 9, 56]
[414/1000] q=413 parse=True method=json selected=[4, 26, 32, 61, 65]
[415/1000] q=414 parse=True method=json selected=[2, 4, 5, 23, 24]
[416/1000] q=415 parse=True method=json selected=[1, 2, 14, 16, 45]
[417/1000] q=416 parse=True method=json selected=[2, 14, 34, 37, 53]
[418/1000] q=417 parse=True method=json selected=[1, 2, 3, 4, 5]
[419/1000] q=418 parse=True method=json selected=[1, 2, 3, 4, 16]
[420/1000] q=419 parse=True method=json selected=[1, 3, 6, 22, 44]
[421/1000] q=420 parse=True method=json selected=[1, 2, 3, 4, 5]
[422/1000] q=421 parse=True method=json selected=[2, 3, 4, 5, 6]
[423/1000] q=422 parse=True method=json selected=[1, 2, 6, 16, 17]
[424/1000] q=423 parse=True method=json selected=[1, 2, 7, 21, 22]
[425/1000] q=424 parse=True method=json selected=[1, 2, 4, 7, 14]
[426/1000] q=425 parse=True method=json selected=[1, 2, 3, 4, 5]
[427/1000] q=426 parse=True method=json selected=[1, 2, 13, 31, 57]
[428/1000] q=427 parse=True method=json selected=[1, 2, 3, 4, 5]
[429/1000] q=428 parse=True method=json selected=[1, 2, 5, 7, 9]
[430/1000] q=429 parse=True method=json selected=[1, 2, 4, 14, 54]
[431/1000] q=430 parse=True method=json selected=[1, 2, 17, 20, 31]
[432/1000] q=431 parse=True method=json selected=[1, 3, 7, 17, 55]
[433/1000] q=432 parse=True method=json selected=[2, 3, 7, 4, 5]
[434/1000] q=433 parse=True method=json selected=[1, 2, 5, 55, 65]
[435/1000] q=434 parse=True method=json selected=[1, 2, 3, 4, 5]
[436/1000] q=435 parse=True method=json selected=[1, 2, 3, 4, 5]
[437/1000] q=436 parse=True method=json selected=[2, 8, 17, 22, 36]
[438/1000] q=437 parse=True method=json selected=[2, 3, 1, 7, 11]
[439/1000] q=438 parse=True method=json selected=[1, 2, 3, 4, 5]
[440/1000] q=439 parse=True method=json selected=[2, 3, 4, 5, 6]
[441/1000] q=440 parse=True method=json selected=[1, 2, 3, 4, 5]
[442/1000] q=441 parse=True method=json selected=[1, 5, 12, 32, 57]
[443/1000] q=442 parse=True method=json selected=[1, 2, 4, 5, 31]
[444/1000] q=443 parse=True method=json selected=[1, 2, 3, 4, 5]
[445/1000] q=444 parse=True method=json selected=[1, 2, 3, 4, 5]
[446/1000] q=445 parse=True method=json selected=[1, 2, 3, 19, 20]
[447/1000] q=446 parse=True method=json selected=[1, 2, 17, 39, 51]
[448/1000] q=447 parse=True method=json selected=[3, 4, 10, 19, 58]
[449/1000] q=448 parse=True method=json selected=[2, 1, 3, 6, 13]
[450/1000] q=449 parse=True method=json selected=[81, 84, 87, 98, 99]
[451/1000] q=450 parse=True method=json selected=[1, 2, 8, 22, 32]
[452/1000] q=451 parse=True method=json selected=[1, 4, 5, 35, 58]
[453/1000] q=452 parse=True method=json selected=[1, 2, 3, 4, 5]
[454/1000] q=453 parse=True method=json selected=[14, 2, 3, 1, 13]
[455/1000] q=454 parse=True method=json selected=[1, 2, 5, 28, 37]
[456/1000] q=455 parse=True method=json selected=[1, 2, 3, 4, 5]
[457/1000] q=456 parse=True method=json selected=[1, 2, 3, 4, 5]
[458/1000] q=457 parse=True method=json selected=[1, 2, 5, 35, 44]
[459/1000] q=458 parse=True method=json selected=[1, 2, 16, 59, 68]
[460/1000] q=459 parse=True method=json selected=[1, 9, 13, 37, 69]
[461/1000] q=460 parse=True method=json selected=[5, 29, 57, 60, 69]
[462/1000] q=461 parse=True method=json selected=[1, 2, 4, 8, 40]
[463/1000] q=462 parse=True method=json selected=[24, 32, 40, 44, 78]
[464/1000] q=463 parse=True method=json selected=[2, 3, 4, 1, 5]
[465/1000] q=464 parse=True method=json selected=[1, 2, 5, 6, 7]
[466/1000] q=465 parse=True method=json selected=[2, 3, 5, 15, 95]
[467/1000] q=466 parse=True method=json selected=[1, 2, 9, 39, 54]
[468/1000] q=467 parse=True method=json selected=[2, 5, 7, 15, 71]
[469/1000] q=468 parse=True method=json selected=[1, 2, 3, 4, 5]
[470/1000] q=469 parse=True method=json selected=[4, 6, 13, 17, 25]
[471/1000] q=470 parse=True method=json selected=[1, 2, 3, 4, 5]
[472/1000] q=471 parse=True method=json selected=[1, 2, 3, 4, 5]
[473/1000] q=472 parse=True method=json selected=[1, 2, 3, 4, 5]
[474/1000] q=473 parse=True method=json selected=[1, 2, 3, 4, 5]
[475/1000] q=474 parse=True method=json selected=[1, 2, 7, 14, 38]
[476/1000] q=475 parse=True method=json selected=[1, 2, 6, 14, 29]
[477/1000] q=476 parse=True method=json selected=[1, 2, 10, 55, 65]
[478/1000] q=477 parse=True method=json selected=[1, 2, 4, 5, 13]
[479/1000] q=478 parse=True method=json selected=[5, 6, 22, 30, 32]
[480/1000] q=479 parse=True method=json selected=[1, 2, 18, 38, 59]
[481/1000] q=480 parse=True method=json selected=[2, 3, 9, 12, 13]
[482/1000] q=481 parse=True method=json selected=[1, 2, 5, 51, 59]
[483/1000] q=482 parse=True method=json selected=[1, 2, 3, 4, 5]
[484/1000] q=483 parse=True method=json selected=[2, 6, 12, 14, 27]
[485/1000] q=484 parse=True method=json selected=[2, 3, 53, 54, 78]
[486/1000] q=485 parse=True method=json selected=[1, 4, 7, 14, 22]
[487/1000] q=486 parse=True method=json selected=[1, 2, 3, 4, 5]
[488/1000] q=487 parse=True method=json selected=[1, 7, 27, 31, 59]
[489/1000] q=488 parse=True method=json selected=[1, 2, 10, 55, 58]
[490/1000] q=489 parse=True method=json selected=[1, 2, 51, 56, 90]
[491/1000] q=490 parse=True method=json selected=[1, 2, 4, 44, 54]
[492/1000] q=491 parse=True method=json selected=[2, 8, 15, 35, 58]
[493/1000] q=492 parse=True method=json selected=[1, 2, 4, 10, 13]
[494/1000] q=493 parse=True method=json selected=[1, 3, 22, 59, 99]
[495/1000] q=494 parse=True method=json selected=[1, 2, 5, 16, 17]
[496/1000] q=495 parse=True method=json selected=[1, 3, 4, 5, 6]
[497/1000] q=496 parse=True method=json selected=[1, 2, 3, 5, 9]
[498/1000] q=497 parse=True method=json selected=[1, 2, 3, 4, 5]
[499/1000] q=498 parse=True method=json selected=[1, 2, 98, 99, 100]
[500/1000] q=499 parse=True method=json selected=[2, 7, 19, 26, 51]
[501/1000] q=500 parse=True method=json selected=[1, 2, 5, 17, 35]
[502/1000] q=501 parse=True method=json selected=[1, 2, 12, 3, 4]
[503/1000] q=502 parse=True method=json selected=[1, 2, 3, 4, 5]
[504/1000] q=503 parse=True method=json selected=[2, 12, 27, 38, 41]
[505/1000] q=504 parse=True method=json selected=[1, 2, 3, 4, 5]
[506/1000] q=505 parse=True method=json selected=[1, 2, 17, 34, 88]
[507/1000] q=506 parse=True method=json selected=[1, 2, 4, 18, 5]
[508/1000] q=507 parse=True method=json selected=[1, 2, 3, 4, 5]
[509/1000] q=508 parse=True method=json selected=[2, 3, 18, 52, 53]
[510/1000] q=509 parse=True method=json selected=[1, 3, 4, 7, 22]
[511/1000] q=510 parse=True method=json selected=[1, 2, 5, 18, 27]
[512/1000] q=511 parse=True method=json selected=[1, 2, 4, 5, 6]
[513/1000] q=512 parse=True method=json selected=[1, 2, 4, 5, 3]
[514/1000] q=513 parse=True method=json selected=[1, 2, 3, 8, 53]
[515/1000] q=514 parse=True method=json selected=[1, 3, 4, 5, 7]
[516/1000] q=515 parse=True method=json selected=[1, 2, 3, 7, 63]
[517/1000] q=516 parse=True method=json selected=[1, 2, 4, 5, 7]
[518/1000] q=517 parse=True method=json selected=[2, 3, 4, 5, 1]
[519/1000] q=518 parse=True method=json selected=[2, 4, 5, 1, 3]
[520/1000] q=519 parse=True method=json selected=[25, 26, 52, 62, 100]
[521/1000] q=520 parse=True method=json selected=[2, 1, 4, 16, 3]
[522/1000] q=521 parse=True method=json selected=[1, 2, 3, 4, 5]
[523/1000] q=522 parse=True method=json selected=[1, 2, 3, 4, 5]
[524/1000] q=523 parse=True method=json selected=[1, 2, 3, 33, 66]
[525/1000] q=524 parse=True method=json selected=[1, 2, 3, 4, 5]
[526/1000] q=525 parse=True method=json selected=[1, 2, 4, 18, 52]
[527/1000] q=526 parse=True method=json selected=[1, 3, 18, 28, 38]
[528/1000] q=527 parse=True method=json selected=[1, 2, 3, 4, 5]
[529/1000] q=528 parse=True method=json selected=[1, 2, 3, 4, 5]
[530/1000] q=529 parse=True method=json selected=[1, 2, 12, 38, 63]
[531/1000] q=530 parse=True method=json selected=[1, 2, 13, 14, 15]
[532/1000] q=531 parse=True method=json selected=[1, 2, 9, 33, 63]
[533/1000] q=532 parse=True method=json selected=[2, 3, 4, 6, 54]
[534/1000] q=533 parse=True method=json selected=[1, 2, 3, 4, 9]
[535/1000] q=534 parse=True method=json selected=[1, 2, 3, 4, 5]
[536/1000] q=535 parse=True method=json selected=[1, 10, 16, 20, 27]
[537/1000] q=536 parse=True method=json selected=[2, 3, 16, 41, 44]
[538/1000] q=537 parse=True method=json selected=[1, 2, 3, 5, 8]
[539/1000] q=538 parse=True method=json selected=[16, 27, 32, 48, 66]
[540/1000] q=539 parse=True method=json selected=[4, 5, 6, 9, 39]
[541/1000] q=540 parse=True method=json selected=[1, 2, 3, 4, 5]
[542/1000] q=541 parse=True method=json selected=[1, 3, 4, 5, 2]
[543/1000] q=542 parse=True method=json selected=[1, 2, 51, 80, 95]
[544/1000] q=543 parse=True method=json selected=[1, 2, 55, 57, 68]
[545/1000] q=544 parse=True method=json selected=[1, 2, 18, 4, 74]
[546/1000] q=545 parse=True method=json selected=[1, 2, 3, 6, 7]
[547/1000] q=546 parse=True method=json selected=[1, 2, 3, 4, 5]
[548/1000] q=547 parse=True method=json selected=[5, 1, 2, 3, 4]
[549/1000] q=548 parse=True method=json selected=[1, 2, 3, 4, 5]
[550/1000] q=549 parse=True method=json selected=[1, 2, 9, 11, 15]
[551/1000] q=550 parse=True method=json selected=[1, 2, 4, 8, 38]
[552/1000] q=551 parse=True method=json selected=[1, 3, 27, 53, 75]
[553/1000] q=552 parse=True method=json selected=[1, 2, 14, 17, 51]
[554/1000] q=553 parse=True method=json selected=[1, 2, 3, 4, 5]
[555/1000] q=554 parse=True method=json selected=[1, 2, 6, 8, 5]
[556/1000] q=555 parse=True method=json selected=[1, 2, 5, 7, 8]
[557/1000] q=556 parse=True method=json selected=[1, 2, 3, 4, 5]
[558/1000] q=557 parse=True method=json selected=[1, 2, 3, 4, 5]
[559/1000] q=558 parse=True method=json selected=[2, 9, 11, 27, 56]
[560/1000] q=559 parse=True method=json selected=[1, 7, 18, 22, 34]
[561/1000] q=560 parse=True method=json selected=[2, 12, 18, 21, 22]
[562/1000] q=561 parse=True method=json selected=[1, 2, 5, 7, 27]
[563/1000] q=562 parse=True method=json selected=[1, 2, 3, 4, 5]
[564/1000] q=563 parse=True method=json selected=[2, 11, 17, 38, 77]
[565/1000] q=564 parse=True method=json selected=[1, 2, 5, 55, 60]
[566/1000] q=565 parse=True method=json selected=[1, 2, 3, 8, 9]
[567/1000] q=566 parse=True method=json selected=[1, 8, 15, 31, 51]
[568/1000] q=567 parse=True method=json selected=[1, 2, 5, 54, 55]
[569/1000] q=568 parse=True method=json selected=[1, 2, 3, 16, 45]
[570/1000] q=569 parse=True method=json selected=[1, 2, 4, 16, 54]
[571/1000] q=570 parse=True method=json selected=[1, 4, 27, 51, 61]
[572/1000] q=571 parse=True method=json selected=[1, 2, 12, 17, 88]
[573/1000] q=572 parse=True method=json selected=[1, 2, 3, 4, 5]
[574/1000] q=573 parse=True method=json selected=[2, 3, 16, 60, 96]
[575/1000] q=574 parse=True method=json selected=[1, 2, 3, 5, 4]
[576/1000] q=575 parse=True method=json selected=[1, 5, 6, 3, 2]
[577/1000] q=576 parse=True method=json selected=[4, 2, 1, 5, 12]
[578/1000] q=577 parse=True method=json selected=[1, 5, 15, 40, 44]
[579/1000] q=578 parse=True method=json selected=[1, 3, 5, 10, 11]
[580/1000] q=579 parse=True method=json selected=[1, 2, 3, 14, 19]
[581/1000] q=580 parse=True method=json selected=[1, 2, 20, 34, 54]
[582/1000] q=581 parse=True method=json selected=[2, 4, 7, 36, 55]
[583/1000] q=582 parse=True method=json selected=[1, 2, 7, 9, 24]
[584/1000] q=583 parse=True method=json selected=[1, 2, 59, 65, 96]
[585/1000] q=584 parse=True method=json selected=[1, 2, 5, 23, 59]
[586/1000] q=585 parse=True method=json selected=[1, 2, 3, 4, 5]
[587/1000] q=586 parse=True method=json selected=[83, 82, 81, 80, 79]
[588/1000] q=587 parse=True method=json selected=[1, 2, 3, 4, 5]
[589/1000] q=588 parse=True method=json selected=[1, 2, 3, 4, 5]
[590/1000] q=589 parse=True method=json selected=[1, 2, 9, 59]
[591/1000] q=590 parse=True method=json selected=[2, 1, 3, 68, 86]
[592/1000] q=591 parse=True method=json selected=[1, 2, 7, 83, 95]
[593/1000] q=592 parse=True method=json selected=[1, 2, 3, 9, 10]
[594/1000] q=593 parse=True method=json selected=[1, 4, 5, 8, 15]
[595/1000] q=594 parse=True method=json selected=[2, 4, 1, 19, 5]
[596/1000] q=595 parse=True method=json selected=[1, 5, 3, 4, 2]
[597/1000] q=596 parse=True method=json selected=[1, 2, 3, 5, 7]
[598/1000] q=597 parse=True method=json selected=[2, 3, 13, 17, 78]
[599/1000] q=598 parse=True method=json selected=[2, 5, 35, 58, 62]
[600/1000] q=599 parse=True method=json selected=[1, 2, 3, 4, 5]
[601/1000] q=600 parse=True method=json selected=[1, 3, 4, 7, 39]
[602/1000] q=601 parse=True method=json selected=[1, 3, 4, 6, 10]
[603/1000] q=602 parse=True method=json selected=[1, 2, 3, 17, 23]
[604/1000] q=603 parse=True method=json selected=[1, 3, 20, 21, 38]
[605/1000] q=604 parse=True method=json selected=[2, 3, 24, 30, 61]
[606/1000] q=605 parse=True method=json selected=[2, 3, 6, 7, 8]
[607/1000] q=606 parse=True method=json selected=[1, 3, 27, 56, 92]
[608/1000] q=607 parse=True method=json selected=[2, 14, 58, 62, 72]
[609/1000] q=608 parse=True method=json selected=[1, 15, 22, 32, 62]
[610/1000] q=609 parse=True method=json selected=[1, 2, 3, 4, 5]
[611/1000] q=610 parse=True method=json selected=[1, 2, 7, 8, 11]
[612/1000] q=611 parse=True method=json selected=[2, 3, 4, 5, 14]
[613/1000] q=612 parse=True method=json selected=[1, 2, 8, 34, 88]
[614/1000] q=613 parse=True method=json selected=[80, 2, 79, 6, 55]
[615/1000] q=614 parse=True method=json selected=[1, 2, 5, 34, 61]
[616/1000] q=615 parse=True method=json selected=[1, 2, 18, 57, 74]
[617/1000] q=616 parse=True method=json selected=[1, 2, 18, 57, 65]
[618/1000] q=617 parse=True method=json selected=[1, 7, 21, 27, 63]
[619/1000] q=618 parse=True method=json selected=[1, 2, 3, 5, 8]
[620/1000] q=619 parse=True method=json selected=[1, 2, 3, 4, 5]
[621/1000] q=620 parse=True method=json selected=[1, 2, 13, 15, 34]
[622/1000] q=621 parse=True method=json selected=[4, 6, 17, 33, 34]
[623/1000] q=622 parse=True method=json selected=[1, 3, 21, 32, 55]
[624/1000] q=623 parse=True method=json selected=[1, 2, 3, 4, 5]
[625/1000] q=624 parse=True method=json selected=[2, 3, 22, 23, 35]
[626/1000] q=625 parse=True method=json selected=[1, 2, 15, 77, 78]
[627/1000] q=626 parse=True method=json selected=[1, 5, 8, 16, 34]
[628/1000] q=627 parse=True method=json selected=[3, 1, 2, 4, 5]
[629/1000] q=628 parse=True method=json selected=[1, 2, 9, 35, 51]
[630/1000] q=629 parse=True method=json selected=[1, 2, 3, 4, 5]
[631/1000] q=630 parse=True method=json selected=[1, 2, 3, 4, 5]
[632/1000] q=631 parse=True method=json selected=[2, 8, 34, 49, 70]
[633/1000] q=632 parse=True method=json selected=[1, 2, 3, 4, 5]
[634/1000] q=633 parse=True method=json selected=[5, 2, 3, 9, 10]
[635/1000] q=634 parse=True method=json selected=[1, 2, 5, 13, 22]
[636/1000] q=635 parse=True method=json selected=[1, 2, 3, 4, 5]
[637/1000] q=636 parse=True method=json selected=[1, 2, 5, 59, 97]
[638/1000] q=637 parse=True method=json selected=[2, 4, 7, 24, 55]
[639/1000] q=638 parse=True method=json selected=[19, 55, 59, 65, 95]
[640/1000] q=639 parse=True method=json selected=[1, 2, 4, 25, 34]
[641/1000] q=640 parse=True method=json selected=[1, 3, 4, 18, 23]
[642/1000] q=641 parse=True method=json selected=[1, 2, 3, 5, 7]
[643/1000] q=642 parse=True method=json selected=[11, 19, 22, 35, 51]
[644/1000] q=643 parse=True method=json selected=[1, 2, 3, 5, 6]
[645/1000] q=644 parse=True method=json selected=[2, 4, 5, 14, 34]
[646/1000] q=645 parse=True method=json selected=[2, 4, 5, 8, 9]
[647/1000] q=646 parse=True method=json selected=[1, 2, 5, 18, 35]
[648/1000] q=647 parse=True method=json selected=[1, 8, 10, 4, 5]
[649/1000] q=648 parse=True method=json selected=[2, 3, 17, 19, 28]
[650/1000] q=649 parse=True method=json selected=[1, 2, 3, 4, 5]
[651/1000] q=650 parse=True method=json selected=[1, 2, 3, 4, 5]
[652/1000] q=651 parse=True method=json selected=[1, 2, 51, 55, 61]
[653/1000] q=652 parse=True method=json selected=[1, 2, 3, 4, 5]
[654/1000] q=653 parse=True method=json selected=[1, 2, 4, 6, 7]
[655/1000] q=654 parse=True method=json selected=[3, 4, 28, 59, 78]
[656/1000] q=655 parse=True method=json selected=[1, 2, 3, 4, 5]
[657/1000] q=656 parse=True method=json selected=[1, 2, 3, 5, 9]
[658/1000] q=657 parse=True method=json selected=[1, 31, 99, 59, 61]
[659/1000] q=658 parse=True method=json selected=[1, 2, 3, 18, 98]
[660/1000] q=659 parse=True method=json selected=[3, 27, 58, 60, 88]
[661/1000] q=660 parse=True method=json selected=[12, 3, 10, 21, 52]
[662/1000] q=661 parse=True method=json selected=[3, 4, 13, 16, 19]
[663/1000] q=662 parse=True method=json selected=[1, 2, 3, 6, 14]
[664/1000] q=663 parse=True method=json selected=[1, 2, 5, 9, 37]
[665/1000] q=664 parse=True method=json selected=[1, 2, 59, 73, 90]
[666/1000] q=665 parse=True method=json selected=[1, 3, 13, 37, 70]
[667/1000] q=666 parse=True method=json selected=[1, 2, 3, 5, 4]
[668/1000] q=667 parse=True method=json selected=[2, 3, 5, 1, 4]
[669/1000] q=668 parse=True method=json selected=[2, 3, 4, 8, 13]
[670/1000] q=669 parse=True method=json selected=[1, 3, 5, 7, 13]
[671/1000] q=670 parse=True method=json selected=[1, 2, 5, 17, 58]
[672/1000] q=671 parse=True method=json selected=[2, 34, 45, 51, 63]
[673/1000] q=672 parse=True method=json selected=[1, 2, 3, 4, 5]
[674/1000] q=673 parse=True method=json selected=[1, 2, 3, 4, 5]
[675/1000] q=674 parse=True method=json selected=[1, 2, 3, 4, 5]
[676/1000] q=675 parse=True method=json selected=[1, 2, 3, 5, 24]
[677/1000] q=676 parse=True method=json selected=[2, 3, 1, 5, 10]
[678/1000] q=677 parse=True method=json selected=[1, 2, 4, 6, 7]
[679/1000] q=678 parse=True method=json selected=[2, 11, 16, 12, 1]
[680/1000] q=679 parse=True method=json selected=[1, 2, 3, 4, 5]
[681/1000] q=680 parse=True method=json selected=[1, 2, 13, 58, 60]
[682/1000] q=681 parse=True method=json selected=[1, 2, 3, 4, 5]
[683/1000] q=682 parse=True method=json selected=[1, 2, 3, 7, 57]
[684/1000] q=683 parse=True method=json selected=[2, 3, 8, 9, 14]
[685/1000] q=684 parse=True method=json selected=[1, 2, 3, 5, 17]
[686/1000] q=685 parse=True method=json selected=[1, 2, 4, 5, 34]
[687/1000] q=686 parse=True method=json selected=[1, 2, 18, 3, 22]
[688/1000] q=687 parse=True method=json selected=[1, 2, 12, 16, 20]
[689/1000] q=688 parse=True method=json selected=[1, 5, 8, 44, 58]
[690/1000] q=689 parse=True method=json selected=[1, 5, 17, 21, 34]
[691/1000] q=690 parse=True method=json selected=[1, 2, 5, 18, 25]
[692/1000] q=691 parse=True method=json selected=[6, 3, 20, 21, 22]
[693/1000] q=692 parse=True method=json selected=[1, 2, 3, 4, 5]
[694/1000] q=693 parse=True method=json selected=[1, 2, 3, 5, 55]
[695/1000] q=694 parse=True method=json selected=[1, 13, 14, 18, 29]
[696/1000] q=695 parse=True method=json selected=[2, 18, 26, 51, 61]
[697/1000] q=696 parse=True method=json selected=[3, 4, 6, 56, 81]
[698/1000] q=697 parse=True method=json selected=[1, 2, 4, 22, 80]
[699/1000] q=698 parse=True method=json selected=[1, 8, 22, 28, 68]
[700/1000] q=699 parse=True method=json selected=[2, 3, 5, 16, 23]
[701/1000] q=700 parse=True method=json selected=[1, 2, 19, 25, 66]
[702/1000] q=701 parse=True method=json selected=[3, 22, 2, 4, 6]
[703/1000] q=702 parse=True method=json selected=[1, 2, 5, 11, 26]
[704/1000] q=703 parse=True method=json selected=[1, 2, 7, 31, 73]
[705/1000] q=704 parse=True method=json selected=[1, 2, 7, 20, 31]
[706/1000] q=705 parse=True method=json selected=[1, 2, 11, 3, 53]
[707/1000] q=706 parse=True method=json selected=[1, 2, 3, 4, 5]
[708/1000] q=707 parse=True method=json selected=[1, 2, 6, 13, 18]
[709/1000] q=708 parse=True method=json selected=[1, 2, 11, 12, 19]
[710/1000] q=709 parse=True method=json selected=[1, 4, 14, 19, 24]
[711/1000] q=710 parse=True method=json selected=[1, 2, 3, 4, 5]
[712/1000] q=711 parse=True method=json selected=[1, 2, 10, 12, 27]
[713/1000] q=712 parse=True method=json selected=[1, 2, 3, 8, 9]
[714/1000] q=713 parse=True method=json selected=[2, 3, 14, 41, 56]
[715/1000] q=714 parse=True method=json selected=[1, 2, 9, 34, 41]
[716/1000] q=715 parse=True method=json selected=[1, 2, 4, 31, 80]
[717/1000] q=716 parse=True method=json selected=[1, 2, 3, 8, 44]
[718/1000] q=717 parse=True method=json selected=[1, 2, 28, 53, 55]
[719/1000] q=718 parse=True method=json selected=[1, 4, 7, 34, 67]
[720/1000] q=719 parse=True method=json selected=[1, 2, 6, 39, 99]
[721/1000] q=720 parse=True method=json selected=[1, 2, 3, 4, 5]
[722/1000] q=721 parse=True method=json selected=[1, 4, 2, 5, 3]
[723/1000] q=722 parse=True method=json selected=[1, 2, 3, 4, 5]
[724/1000] q=723 parse=True method=json selected=[13, 34, 43, 62, 72]
[725/1000] q=724 parse=True method=json selected=[1, 2, 6, 7, 34]
[726/1000] q=725 parse=True method=json selected=[1, 2, 3, 4, 5]
[727/1000] q=726 parse=True method=json selected=[1, 8, 19, 55, 65]
[728/1000] q=727 parse=True method=json selected=[1, 2, 4, 18, 38]
[729/1000] q=728 parse=True method=json selected=[1, 2, 34, 43, 92]
[730/1000] q=729 parse=True method=json selected=[2, 3, 8, 11, 55]
[731/1000] q=730 parse=True method=json selected=[1, 2, 3, 4, 5]
[732/1000] q=731 parse=True method=json selected=[1, 2, 8, 37, 58]
[733/1000] q=732 parse=True method=json selected=[1, 2, 55, 57, 77]
[734/1000] q=733 parse=True method=json selected=[2, 1, 4, 3, 24]
[735/1000] q=734 parse=True method=json selected=[1, 4, 7, 9, 34]
[736/1000] q=735 parse=True method=json selected=[1, 6, 5, 10, 26]
[737/1000] q=736 parse=True method=json selected=[1, 2, 11, 16, 55]
[738/1000] q=737 parse=True method=json selected=[2, 3, 11, 55, 65]
[739/1000] q=738 parse=True method=json selected=[1, 30, 37, 60, 94]
[740/1000] q=739 parse=True method=json selected=[1, 2, 4, 14, 41]
[741/1000] q=740 parse=True method=json selected=[1, 2, 6, 11, 15]
[742/1000] q=741 parse=True method=json selected=[1, 3, 25, 31, 77]
[743/1000] q=742 parse=True method=json selected=[2, 3, 22, 26, 31]
[744/1000] q=743 parse=True method=json selected=[1, 2, 16, 61, 98]
[745/1000] q=744 parse=True method=json selected=[1, 3, 28, 52, 90]
[746/1000] q=745 parse=True method=json selected=[1, 9, 33, 91, 10]
[747/1000] q=746 parse=True method=json selected=[1, 2, 3, 8, 9]
[748/1000] q=747 parse=True method=json selected=[1, 2, 3, 7, 9]
[749/1000] q=748 parse=True method=json selected=[1, 2, 7, 9, 34]
[750/1000] q=749 parse=True method=json selected=[1, 2, 3, 8, 12]
[751/1000] q=750 parse=True method=json selected=[1, 2, 3, 8, 88]
[752/1000] q=751 parse=True method=json selected=[1, 3, 11, 15, 31]
[753/1000] q=752 parse=True method=json selected=[2, 9, 18, 27, 52]
[754/1000] q=753 parse=True method=json selected=[1, 3, 4, 5, 8]
[755/1000] q=754 parse=True method=json selected=[1, 2, 3, 4, 5]
[756/1000] q=755 parse=True method=json selected=[1, 2, 21, 37, 72]
[757/1000] q=756 parse=True method=json selected=[1, 2, 5, 6, 9]
[758/1000] q=757 parse=True method=json selected=[1, 2, 3, 4, 5]
[759/1000] q=758 parse=True method=json selected=[1, 2, 3, 4, 12]
[760/1000] q=759 parse=True method=json selected=[1, 2, 4, 17, 18]
[761/1000] q=760 parse=True method=json selected=[1, 2, 4, 9, 3]
[762/1000] q=761 parse=True method=json selected=[1, 2, 7, 34, 53]
[763/1000] q=762 parse=True method=json selected=[1, 2, 4, 8, 34]
[764/1000] q=763 parse=True method=json selected=[1, 2, 3, 7, 19]
[765/1000] q=764 parse=True method=json selected=[1, 2, 4, 10, 50]
[766/1000] q=765 parse=True method=json selected=[2, 3, 54, 58, 77]
[767/1000] q=766 parse=True method=json selected=[1, 4, 5, 8, 25]
[768/1000] q=767 parse=True method=json selected=[1, 2, 3, 20, 59]
[769/1000] q=768 parse=True method=json selected=[1, 68, 70, 82, 85]
[770/1000] q=769 parse=True method=json selected=[1, 4, 5, 9, 28]
[771/1000] q=770 parse=True method=json selected=[1, 2, 3, 7, 5]
[772/1000] q=771 parse=True method=json selected=[3, 6, 24, 30, 58]
[773/1000] q=772 parse=True method=json selected=[1, 2, 3, 4, 5]
[774/1000] q=773 parse=True method=json selected=[1, 7, 18, 27, 32]
[775/1000] q=774 parse=True method=json selected=[1, 2, 3, 4, 5]
[776/1000] q=775 parse=True method=json selected=[1, 2, 4, 5, 7]
[777/1000] q=776 parse=True method=json selected=[3, 4, 5, 6, 8]
[778/1000] q=777 parse=True method=json selected=[1, 2, 3, 4, 5]
[779/1000] q=778 parse=True method=json selected=[1, 2, 3, 5, 9]
[780/1000] q=779 parse=True method=json selected=[3, 2, 12, 58, 59]
[781/1000] q=780 parse=True method=json selected=[1, 2, 3, 4, 5]
[782/1000] q=781 parse=True method=json selected=[1, 2, 10, 3, 5]
[783/1000] q=782 parse=True method=json selected=[2, 3, 28, 60, 94]
[784/1000] q=783 parse=True method=json selected=[1, 5, 28, 35, 53]
[785/1000] q=784 parse=True method=json selected=[1, 3, 15, 26, 31]
[786/1000] q=785 parse=True method=json selected=[1, 2, 15, 35, 55]
[787/1000] q=786 parse=True method=json selected=[1, 4, 19, 24, 34]
[788/1000] q=787 parse=True method=json selected=[1, 2, 3, 4, 5]
[789/1000] q=788 parse=True method=json selected=[1, 2, 3, 4, 5]
[790/1000] q=789 parse=True method=json selected=[1, 2, 3, 4, 5]
[791/1000] q=790 parse=True method=json selected=[1, 2, 3, 4, 5]
[792/1000] q=791 parse=True method=json selected=[2, 4, 1, 34, 59]
[793/1000] q=792 parse=True method=json selected=[3, 57, 7, 15, 35]
[794/1000] q=793 parse=True method=json selected=[2, 8, 15, 37, 65]
[795/1000] q=794 parse=True method=json selected=[1, 2, 17, 55, 64]
[796/1000] q=795 parse=True method=json selected=[1, 2, 9, 36, 48]
[797/1000] q=796 parse=True method=json selected=[1, 2, 8, 12, 34]
[798/1000] q=797 parse=True method=json selected=[1, 2, 3, 5, 28]
[799/1000] q=798 parse=True method=json selected=[4, 1, 3, 2, 9]
[800/1000] q=799 parse=True method=json selected=[1, 2, 3, 4, 5]
[801/1000] q=800 parse=True method=json selected=[8, 6, 9, 2, 3]
[802/1000] q=801 parse=True method=json selected=[1, 3, 5, 11, 35]
[803/1000] q=802 parse=True method=json selected=[1, 2, 3, 5, 14]
[804/1000] q=803 parse=True method=json selected=[1, 2, 14, 17, 18]
[805/1000] q=804 parse=True method=json selected=[2, 1, 3, 4, 14]
[806/1000] q=805 parse=True method=json selected=[2, 5, 14, 35, 60]
[807/1000] q=806 parse=True method=json selected=[1, 4, 14, 17, 18]
[808/1000] q=807 parse=True method=json selected=[1, 2, 5, 34, 71]
[809/1000] q=808 parse=True method=json selected=[1, 2, 7, 10, 16]
[810/1000] q=809 parse=True method=json selected=[1, 2, 3, 4, 5]
[811/1000] q=810 parse=True method=json selected=[1, 2, 3, 4, 7]
[812/1000] q=811 parse=True method=json selected=[1, 2, 17, 18, 19]
[813/1000] q=812 parse=True method=json selected=[1, 2, 3, 6, 9]
[814/1000] q=813 parse=True method=json selected=[5, 1, 11, 2, 35]
[815/1000] q=814 parse=True method=json selected=[1, 5, 20, 22, 55]
[816/1000] q=815 parse=True method=json selected=[1, 2, 3, 4, 5]
[817/1000] q=816 parse=True method=json selected=[1, 2, 9, 5, 3]
[818/1000] q=817 parse=True method=json selected=[1, 2, 4, 5, 24]
[819/1000] q=818 parse=True method=json selected=[1, 2, 3, 4, 5]
[820/1000] q=819 parse=True method=json selected=[5, 7, 13, 21, 30]
[821/1000] q=820 parse=True method=json selected=[1, 2, 55, 58, 82]
[822/1000] q=821 parse=True method=json selected=[1, 2, 4, 7, 17]
[823/1000] q=822 parse=True method=json selected=[1, 2, 6, 7, 8]
[824/1000] q=823 parse=True method=json selected=[1, 2, 10, 7, 8]
[825/1000] q=824 parse=True method=json selected=[1, 2, 5, 22, 23]
[826/1000] q=825 parse=True method=json selected=[1, 6, 24, 37, 59]
[827/1000] q=826 parse=True method=json selected=[1, 2, 3, 4, 5]
[828/1000] q=827 parse=True method=json selected=[1, 2, 3, 4, 5]
[829/1000] q=828 parse=True method=json selected=[1, 2, 3, 4, 5]
[830/1000] q=829 parse=True method=json selected=[1, 2, 16, 58, 65]
[831/1000] q=830 parse=True method=json selected=[1, 2, 11, 26, 36]
[832/1000] q=831 parse=True method=json selected=[1, 4, 5, 22, 34]
[833/1000] q=832 parse=True method=json selected=[1, 2, 3, 4, 5]
[834/1000] q=833 parse=True method=json selected=[5, 6, 10, 16, 78]
[835/1000] q=834 parse=True method=json selected=[1, 2, 3, 4, 5]
[836/1000] q=835 parse=True method=json selected=[2, 3, 54, 55, 56]
[837/1000] q=836 parse=True method=json selected=[2, 3, 7, 18, 23]
[838/1000] q=837 parse=True method=json selected=[2, 3, 7, 12, 16]
[839/1000] q=838 parse=True method=json selected=[1, 3, 13, 15, 16]
[840/1000] q=839 parse=True method=json selected=[18, 2, 9, 55, 56]
[841/1000] q=840 parse=True method=json selected=[1, 2, 6, 3, 9]
[842/1000] q=841 parse=True method=json selected=[2, 3, 7, 8, 11]
[843/1000] q=842 parse=True method=json selected=[1, 12, 16, 22, 29]
[844/1000] q=843 parse=True method=json selected=[1, 2, 3, 4, 5]
[845/1000] q=844 parse=True method=json selected=[1, 2, 5, 3, 8]
[846/1000] q=845 parse=True method=json selected=[1, 2, 40, 33, 14]
[847/1000] q=846 parse=True method=json selected=[1, 4, 6, 7, 2]
[848/1000] q=847 parse=True method=json selected=[8, 14, 23, 25, 32]
[849/1000] q=848 parse=True method=json selected=[1, 2, 3, 4, 5]
[850/1000] q=849 parse=True method=json selected=[1, 3, 6, 21, 62]
[851/1000] q=850 parse=True method=json selected=[1, 2, 18, 26, 33]
[852/1000] q=851 parse=True method=json selected=[5, 6, 8, 15, 35]
[853/1000] q=852 parse=True method=json selected=[1, 2, 4, 5, 17]
[854/1000] q=853 parse=True method=json selected=[1, 2, 3, 4, 5]
[855/1000] q=854 parse=True method=json selected=[2, 23, 29, 52, 78]
[856/1000] q=855 parse=True method=json selected=[2, 18, 21, 30, 54]
[857/1000] q=856 parse=True method=json selected=[1, 2, 3, 4, 5]
[858/1000] q=857 parse=True method=json selected=[1, 2, 3, 4, 5]
[859/1000] q=858 parse=True method=json selected=[2, 3, 4, 5, 10]
[860/1000] q=859 parse=True method=json selected=[2, 1, 34, 60, 69]
[861/1000] q=860 parse=True method=json selected=[1, 5, 27, 33, 56]
[862/1000] q=861 parse=True method=json selected=[1, 2, 3, 4, 5]
[863/1000] q=862 parse=True method=json selected=[1, 11, 5, 6, 2]
[864/1000] q=863 parse=True method=json selected=[2, 22, 51, 55, 61]
[865/1000] q=864 parse=True method=json selected=[1, 2, 4, 6, 34]
[866/1000] q=865 parse=True method=json selected=[1, 2, 3, 4, 5]
[867/1000] q=866 parse=True method=json selected=[1, 2, 4, 32, 33]
[868/1000] q=867 parse=True method=json selected=[1, 2, 3, 4, 5]
[869/1000] q=868 parse=True method=json selected=[1, 2, 5, 18, 24]
[870/1000] q=869 parse=True method=json selected=[1, 2, 5, 11, 55]
[871/1000] q=870 parse=True method=json selected=[1, 2, 4, 6, 8]
[872/1000] q=871 parse=True method=json selected=[1, 2, 3, 4, 5]
[873/1000] q=872 parse=True method=json selected=[2, 4, 3, 1, 5]
[874/1000] q=873 parse=True method=json selected=[1, 2, 3, 4, 5]
[875/1000] q=874 parse=True method=json selected=[2, 3, 11, 18, 55]
[876/1000] q=875 parse=True method=json selected=[1, 2, 5, 59, 80]
[877/1000] q=876 parse=True method=json selected=[1, 2, 3, 6, 8]
[878/1000] q=877 parse=True method=json selected=[1, 5, 28, 39, 48]
[879/1000] q=878 parse=True method=json selected=[1, 2, 11, 62, 71]
[880/1000] q=879 parse=True method=json selected=[1, 15, 29, 72, 94]
[881/1000] q=880 parse=True method=json selected=[2, 11, 19, 21, 39]
[882/1000] q=881 parse=True method=json selected=[1, 2, 4, 12, 14]
[883/1000] q=882 parse=True method=json selected=[1, 2, 5, 11, 24]
[884/1000] q=883 parse=True method=json selected=[4, 5, 1, 2, 3]
[885/1000] q=884 parse=True method=json selected=[1, 2, 3, 5, 18]
[886/1000] q=885 parse=True method=json selected=[1, 2, 26, 32, 33]
[887/1000] q=886 parse=True method=json selected=[1, 4, 10, 54, 66]
[888/1000] q=887 parse=True method=json selected=[2, 9, 17, 20, 71]
[889/1000] q=888 parse=True method=json selected=[1, 2, 15, 36, 64]
[890/1000] q=889 parse=True method=json selected=[1, 2, 5, 15, 34]
[891/1000] q=890 parse=True method=json selected=[1, 4, 15, 23, 54]
[892/1000] q=891 parse=True method=json selected=[1, 2, 3, 10, 40]
[893/1000] q=892 parse=True method=json selected=[1, 2, 3, 4, 5]
[894/1000] q=893 parse=True method=json selected=[1, 2, 3, 52, 60]
[895/1000] q=894 parse=True method=json selected=[1, 14, 16, 28, 59]
[896/1000] q=895 parse=True method=json selected=[1, 5, 6, 21, 34]
[897/1000] q=896 parse=True method=json selected=[1, 2, 3, 4, 5]
[898/1000] q=897 parse=True method=json selected=[1, 2, 4, 3, 5]
[899/1000] q=898 parse=True method=json selected=[1, 2, 3, 4, 5]
[900/1000] q=899 parse=True method=json selected=[1, 2, 3, 4, 5]
[901/1000] q=900 parse=True method=json selected=[1, 2, 4, 24, 29]
[902/1000] q=901 parse=True method=json selected=[1, 2, 3, 4, 5]
[903/1000] q=902 parse=True method=json selected=[1, 2, 3, 4, 5]
[904/1000] q=903 parse=True method=json selected=[2, 3, 7, 18, 55]
[905/1000] q=904 parse=True method=json selected=[1, 2, 3, 55, 56]
[906/1000] q=905 parse=True method=json selected=[1, 8, 19, 20, 89]
[907/1000] q=906 parse=True method=json selected=[1, 4, 21, 59, 61]
[908/1000] q=907 parse=True method=json selected=[1, 2, 3, 4, 5]
[909/1000] q=908 parse=True method=json selected=[1, 2, 17, 55, 58]
[910/1000] q=909 parse=True method=json selected=[1, 2, 34, 48, 77]
[911/1000] q=910 parse=True method=json selected=[1, 3, 4, 18, 71]
[912/1000] q=911 parse=True method=json selected=[3, 4, 5, 1, 2]
[913/1000] q=912 parse=True method=json selected=[1, 14, 27, 37, 73]
[914/1000] q=913 parse=True method=json selected=[1, 2, 3, 4, 7]
[915/1000] q=914 parse=True method=json selected=[1, 2, 3, 4, 5]
[916/1000] q=915 parse=True method=json selected=[1, 2, 4, 5, 26]
[917/1000] q=916 parse=True method=json selected=[1, 2, 25, 55, 60]
[918/1000] q=917 parse=True method=json selected=[9, 5, 18, 28, 52]
[919/1000] q=918 parse=True method=json selected=[1, 21, 59, 67, 75]
[920/1000] q=919 parse=True method=json selected=[1, 2, 4, 5, 8]
[921/1000] q=920 parse=True method=json selected=[3, 18, 37, 47, 73]
[922/1000] q=921 parse=True method=json selected=[1, 2, 5, 37, 58]
[923/1000] q=922 parse=True method=json selected=[1, 2, 5, 18, 22]
[924/1000] q=923 parse=True method=json selected=[1, 3, 23, 58, 76]
[925/1000] q=924 parse=True method=json selected=[2, 5, 19, 20, 31]
[926/1000] q=925 parse=True method=json selected=[1, 2, 8, 58, 90]
[927/1000] q=926 parse=True method=json selected=[3, 7, 11, 19, 33]
[928/1000] q=927 parse=True method=json selected=[1, 2, 11, 3, 7]
[929/1000] q=928 parse=True method=json selected=[3, 2, 1, 16, 33]
[930/1000] q=929 parse=True method=json selected=[1, 2, 55, 56, 65]
[931/1000] q=930 parse=True method=json selected=[1, 2, 3, 5, 29]
[932/1000] q=931 parse=True method=json selected=[1, 7, 15, 17, 23]
[933/1000] q=932 parse=True method=json selected=[1, 2, 5, 7, 9]
[934/1000] q=933 parse=True method=json selected=[2, 3, 6, 5, 23]
[935/1000] q=934 parse=True method=json selected=[1, 2, 3, 4, 5]
[936/1000] q=935 parse=True method=json selected=[1, 2, 8, 16, 34]
[937/1000] q=936 parse=True method=json selected=[1, 2, 3, 4, 5]
[938/1000] q=937 parse=True method=json selected=[1, 2, 3, 5, 6]
[939/1000] q=938 parse=True method=json selected=[1, 2, 10, 3, 5]
[940/1000] q=939 parse=True method=json selected=[1, 2, 6, 5, 55]
[941/1000] q=940 parse=True method=json selected=[1, 2, 3, 4, 5]
[942/1000] q=941 parse=True method=json selected=[1, 2, 15, 71, 19]
[943/1000] q=942 parse=True method=json selected=[4, 6, 15, 28, 61]
[944/1000] q=943 parse=True method=json selected=[10, 1, 30, 23, 33]
[945/1000] q=944 parse=True method=json selected=[1, 2, 3, 4, 5]
[946/1000] q=945 parse=True method=json selected=[1, 2, 23, 54, 92]
[947/1000] q=946 parse=True method=json selected=[1, 2, 16, 31, 62]
[948/1000] q=947 parse=True method=json selected=[2, 5, 1, 3, 4]
[949/1000] q=948 parse=True method=json selected=[1, 2, 4, 9, 10]
[950/1000] q=949 parse=True method=json selected=[1, 2, 3, 4, 5]
[951/1000] q=950 parse=True method=json selected=[1, 2, 7, 55, 57]
[952/1000] q=951 parse=True method=json selected=[1, 5, 25, 59, 77]
[953/1000] q=952 parse=True method=json selected=[3, 9, 17, 25, 51]
[954/1000] q=953 parse=True method=json selected=[1, 2, 9, 3, 59]
[955/1000] q=954 parse=True method=json selected=[1, 2, 55, 54, 51]
[956/1000] q=955 parse=True method=json selected=[1, 23, 31, 33, 38]
[957/1000] q=956 parse=True method=json selected=[1, 2, 4, 5, 20]
[958/1000] q=957 parse=True method=json selected=[2, 6, 7, 15, 36]
[959/1000] q=958 parse=True method=json selected=[1, 2, 16, 32, 64]
[960/1000] q=959 parse=True method=json selected=[1, 2, 16, 37, 53]
[961/1000] q=960 parse=True method=json selected=[1, 2, 3, 4, 5]
[962/1000] q=961 parse=True method=json selected=[1, 2, 34, 38, 55]
[963/1000] q=962 parse=True method=json selected=[1, 2, 88, 3, 4]
[964/1000] q=963 parse=True method=json selected=[2, 3, 17, 51, 61]
[965/1000] q=964 parse=True method=json selected=[1, 2, 4, 8, 15]
[966/1000] q=965 parse=True method=json selected=[1, 2, 4, 6, 12]
[967/1000] q=966 parse=True method=json selected=[1, 2, 34, 35, 64]
[968/1000] q=967 parse=True method=json selected=[29, 36, 67, 70, 80]
[969/1000] q=968 parse=True method=json selected=[1, 3, 5, 13, 55]
[970/1000] q=969 parse=True method=json selected=[1, 2, 17, 58, 77]
[971/1000] q=970 parse=True method=json selected=[1, 2, 5, 18, 54]
[972/1000] q=971 parse=True method=json selected=[1, 4, 5, 10, 34]
[973/1000] q=972 parse=True method=json selected=[1, 2, 6, 7, 88]
[974/1000] q=973 parse=True method=json selected=[1, 6, 16, 22, 69]
[975/1000] q=974 parse=True method=json selected=[2, 3, 17, 62, 71]
[976/1000] q=975 parse=True method=json selected=[1, 2, 3, 10, 77]
[977/1000] q=976 parse=True method=json selected=[2, 3, 4, 5, 1]
[978/1000] q=977 parse=True method=json selected=[3, 10, 18, 31, 51]
[979/1000] q=978 parse=True method=json selected=[1, 2, 9, 34, 84]
[980/1000] q=979 parse=True method=json selected=[1, 8, 9, 44, 48]
[981/1000] q=980 parse=True method=json selected=[1, 2, 3, 8, 23]
[982/1000] q=981 parse=True method=json selected=[1, 2, 22, 44, 84]
[983/1000] q=982 parse=True method=json selected=[1, 5, 25, 54, 71]
[984/1000] q=983 parse=True method=json selected=[1, 2, 15, 33, 34]
[985/1000] q=984 parse=True method=json selected=[2, 7, 8, 15, 57]
[986/1000] q=985 parse=True method=json selected=[1, 2, 3, 8, 55]
[987/1000] q=986 parse=True method=json selected=[1, 2, 3, 4, 5]
[988/1000] q=987 parse=True method=json selected=[1, 2, 6, 9, 51]
[989/1000] q=988 parse=True method=json selected=[1, 27, 12, 3, 92]
[990/1000] q=989 parse=True method=json selected=[1, 2, 3, 4, 5]
[991/1000] q=990 parse=True method=json selected=[1, 8, 4, 13, 35]
[992/1000] q=991 parse=True method=json selected=[3, 22, 28, 31, 53]
[993/1000] q=992 parse=True method=json selected=[1, 7, 34, 63, 64]
[994/1000] q=993 parse=True method=json selected=[2, 3, 4, 5, 65]
[995/1000] q=994 parse=True method=json selected=[1, 2, 7, 9, 18]
[996/1000] q=995 parse=True method=json selected=[2, 1, 3, 8, 4]
[997/1000] q=996 parse=True method=json selected=[1, 3, 13, 21, 51]
[998/1000] q=997 parse=True method=json selected=[1, 2, 51, 57, 60]
[999/1000] q=998 parse=True method=json selected=[1, 2, 3, 4, 5]
[1000/1000] q=999 parse=True method=json selected=[1, 2, 47, 51, 91]
Wrote 1000 selected pool records to /mnt/nvme/code/HippoRAG/run_logs/llm_direct_select_proprag_full1000_20260506/selected_pools/hotpotqa_title_pool100.json; parse_success=1000/1000 fallback_total=1
